students[0] = 15
students[1] = 14
students[2] = 16
students[3] = 11
students[4] = 10
students[5] = 9
students[6] = 8
students[7] = 7
students[8] = 6
students[9] = 5
students[10] = 4
students[11] = 3
students[12] = 2
students[13] = 1
students[14] = 19
chairs[0] = -1
chairs[1] = -1
chairs[2] = -1
chairs[3] = -1
chairs[4] = -1
chairs[5] = 6
chairs[6] = 0
chairs[7] = 5
chairs[8] = 2
chairs[9] = 1
chairs[10] = 8
chairs[11] = 7
chairs[12] = 4
chairs[13] = 11
chairs[14] = 3
chairs[15] = 9
chairs[16] = 10
chairs[17] = 12
chairs[18] = 14
chairs[19] = 13
